// Jest Snapshot v1, https://goo.gl/fbAQLP

exports[`Favorites renders correctly 1`] = `
<div
  className="page"
>
  <ConnectFunction />
  <Sprite />
  <FavoritesEmpty />
  <Footer />
</div>
`;
