// Jest Snapshot v1, https://goo.gl/fbAQLP

exports[`PlacePage correctly renders 1`] = `
<Fragment>
  <Sprite />
  <ConnectFunction />
  <main
    className="page__main page__main--property"
  >
    <section
      className="property"
    >
      <div
        className="property__gallery-container container"
      >
        <div
          className="property__gallery"
        >
          <div
            className="property__image-wrapper"
            key="image-1-0"
          >
            <img
              alt="The house among olive"
              className="property__image"
              src="https://es31-server.appspot.com/six-cities/static/hotel/19.jpg"
            />
          </div>
        </div>
      </div>
      <div
        className="property__container container"
      >
        <div
          className="property__wrapper"
        >
          <div
            className="property__name-wrapper"
          >
            <h1
              className="property__name"
            >
              The house among olive
            </h1>
            <button
              className="property__bookmark-button button place-card__bookmark-button--active"
              type="button"
            >
              <svg
                className="property__bookmark-icon"
                height="33"
                width="31"
              >
                <use
                  xlinkHref="#icon-bookmark"
                />
              </svg>
              <span
                className="visually-hidden"
              >
                To bookmarks
              </span>
            </button>
          </div>
          <div
            className="property__rating rating"
          >
            <div
              className="property__stars rating__stars"
            >
              <span
                style={
                  Object {
                    "width": "60%",
                  }
                }
              />
              <span
                className="visually-hidden"
              >
                Rating
              </span>
            </div>
            <span
              className="property__rating-value rating__value"
            >
              3.4
            </span>
          </div>
          <ul
            className="property__features"
          >
            <li
              className="property__feature property__feature--entire"
            >
              Private Room
            </li>
            <li
              className="property__feature property__feature--bedrooms"
            >
              1 Bedroom
            </li>
            <li
              className="property__feature property__feature--adults"
            >
              Max 
              3 adults
            </li>
          </ul>
          <div
            className="property__price"
          >
            <b
              className="property__price-value"
            >
              €
              117
            </b>
            <span
              className="property__price-text"
            >
               night
            </span>
          </div>
          <div
            className="property__inside"
          >
            <h2
              className="property__inside-title"
            >
              What's inside
            </h2>
            <ul
              className="property__inside-list"
            >
              <li
                className="property__inside-item"
                key="good-1-0"
              >
                Washer
              </li>
              <li
                className="property__inside-item"
                key="good-1-1"
              >
                Towels
              </li>
            </ul>
          </div>
          <div
            className="property__host"
          >
            <h2
              className="property__host-title"
            >
              Meet the host
            </h2>
            <div
              className="property__host-user user"
            >
              <div
                className="property__avatar-wrapper user__avatar-wrapper property__avatar-wrapper--pro"
              >
                <img
                  alt="Host avatar"
                  className="property__avatar user__avatar"
                  height="74"
                  src="/img/avatar-angelina.jpg"
                  width="74"
                />
              </div>
              <span
                className="property__user-name"
              >
                Name
              </span>
              <span
                className="property__user-status"
              >
                Pro
              </span>
            </div>
            <div
              className="property__description"
            >
              <p
                className="property__text"
              >
                Description
              </p>
            </div>
          </div>
          <ConnectFunction
            placeId={1}
          />
        </div>
      </div>
      <section
        className="property__map map"
      />
    </section>
    <div
      className="container"
    >
      <section
        className="near-places places"
      >
        <h2
          className="near-places__title"
        >
          Other places in the neighbourhood
        </h2>
        <div
          className="near-places__list places__list"
        >
          <article
            className="near-places__card place-card"
          >
            <div
              className="near-places__image-wrapper place-card__image-wrapper"
            >
              <a
                href="#"
              >
                <img
                  alt="Place image"
                  className="place-card__image"
                  height="200"
                  src="/img/room.jpg"
                  width="260"
                />
              </a>
            </div>
            <div
              className="place-card__info"
            >
              <div
                className="place-card__price-wrapper"
              >
                <div
                  className="place-card__price"
                >
                  <b
                    className="place-card__price-value"
                  >
                    €80
                  </b>
                  <span
                    className="place-card__price-text"
                  >
                    / night
                  </span>
                </div>
                <button
                  className="place-card__bookmark-button place-card__bookmark-button--active button"
                  type="button"
                >
                  <svg
                    className="place-card__bookmark-icon"
                    height="19"
                    width="18"
                  >
                    <use
                      xlinkHref="#icon-bookmark"
                    />
                  </svg>
                  <span
                    className="visually-hidden"
                  >
                    In bookmarks
                  </span>
                </button>
              </div>
              <div
                className="place-card__rating rating"
              >
                <div
                  className="place-card__stars rating__stars"
                >
                  <span
                    style={
                      Object {
                        "width": "80%",
                      }
                    }
                  />
                  <span
                    className="visually-hidden"
                  >
                    Rating
                  </span>
                </div>
              </div>
              <h2
                className="place-card__name"
              >
                <a
                  href="#"
                >
                  Wood and stone place
                </a>
              </h2>
              <p
                className="place-card__type"
              >
                Private room
              </p>
            </div>
          </article>
          <article
            className="near-places__card place-card"
          >
            <div
              className="near-places__image-wrapper place-card__image-wrapper"
            >
              <a
                href="#"
              >
                <img
                  alt="Place image"
                  className="place-card__image"
                  height="200"
                  src="/img/apartment-02.jpg"
                  width="260"
                />
              </a>
            </div>
            <div
              className="place-card__info"
            >
              <div
                className="place-card__price-wrapper"
              >
                <div
                  className="place-card__price"
                >
                  <b
                    className="place-card__price-value"
                  >
                    €132
                  </b>
                  <span
                    className="place-card__price-text"
                  >
                    / night
                  </span>
                </div>
                <button
                  className="place-card__bookmark-button button"
                  type="button"
                >
                  <svg
                    className="place-card__bookmark-icon"
                    height="19"
                    width="18"
                  >
                    <use
                      xlinkHref="#icon-bookmark"
                    />
                  </svg>
                  <span
                    className="visually-hidden"
                  >
                    To bookmarks
                  </span>
                </button>
              </div>
              <div
                className="place-card__rating rating"
              >
                <div
                  className="place-card__stars rating__stars"
                >
                  <span
                    style={
                      Object {
                        "width": "80%",
                      }
                    }
                  />
                  <span
                    className="visually-hidden"
                  >
                    Rating
                  </span>
                </div>
              </div>
              <h2
                className="place-card__name"
              >
                <a
                  href="#"
                >
                  Canal View Prinsengracht
                </a>
              </h2>
              <p
                className="place-card__type"
              >
                Apartment
              </p>
            </div>
          </article>
          <article
            className="near-places__card place-card"
          >
            <div
              className="near-places__image-wrapper place-card__image-wrapper"
            >
              <a
                href="#"
              >
                <img
                  alt="Place image"
                  className="place-card__image"
                  height="200"
                  src="/img/apartment-03.jpg"
                  width="260"
                />
              </a>
            </div>
            <div
              className="place-card__info"
            >
              <div
                className="place-card__price-wrapper"
              >
                <div
                  className="place-card__price"
                >
                  <b
                    className="place-card__price-value"
                  >
                    €180
                  </b>
                  <span
                    className="place-card__price-text"
                  >
                    / night
                  </span>
                </div>
                <button
                  className="place-card__bookmark-button button"
                  type="button"
                >
                  <svg
                    className="place-card__bookmark-icon"
                    height="19"
                    width="18"
                  >
                    <use
                      xlinkHref="#icon-bookmark"
                    />
                  </svg>
                  <span
                    className="visually-hidden"
                  >
                    To bookmarks
                  </span>
                </button>
              </div>
              <div
                className="place-card__rating rating"
              >
                <div
                  className="place-card__stars rating__stars"
                >
                  <span
                    style={
                      Object {
                        "width": "100%",
                      }
                    }
                  />
                  <span
                    className="visually-hidden"
                  >
                    Rating
                  </span>
                </div>
              </div>
              <h2
                className="place-card__name"
              >
                <a
                  href="#"
                >
                  Nice, cozy, warm big bed apartment
                </a>
              </h2>
              <p
                className="place-card__type"
              >
                Apartment
              </p>
            </div>
          </article>
        </div>
      </section>
    </div>
  </main>
</Fragment>
`;
