// Jest Snapshot v1, https://goo.gl/fbAQLP

exports[`Footer renders correctly 1`] = `
<footer
  className="footer container"
>
  <NavLink
    className="footer__logo-link"
    to="main.html"
  >
    <img
      alt="6 cities logo"
      className="footer__logo"
      height="33"
      src="img/logo.svg"
      width="64"
    />
  </NavLink>
</footer>
`;
