// Jest Snapshot v1, https://goo.gl/fbAQLP

exports[`Reviews correctly renders 1`] = `
<section
  className="property__reviews reviews"
>
  <h2
    className="reviews__title"
  >
    Reviews Â· 
    <span
      className="reviews__amount"
    >
      1
    </span>
  </h2>
  <ConnectFunction />
  <ReviewForm />
</section>
`;
