// Jest Snapshot v1, https://goo.gl/fbAQLP

exports[`CityLink renders correctly 1`] = `ShallowWrapper {}`;
