// Jest Snapshot v1, https://goo.gl/fbAQLP

exports[`Main correctly renders 1`] = `ShallowWrapper {}`;
