// Jest Snapshot v1, https://goo.gl/fbAQLP

exports[`App correctly renders 1`] = `
<Main
  currentCity="Amsterdam"
  offers={
    Array [
      Object {
        "coordinates": Array [
          52.3909553943508,
          4.85309666406198,
        ],
        "id": 1,
        "imageSrc": "img/apartment-01.jpg",
        "inBookmarks": true,
        "mark": "Premium",
        "price": 120,
        "rating": 4,
        "title": "Beautiful luxurious apartment at great location",
        "type": "Apartment",
      },
    ]
  }
/>
`;
