// Jest Snapshot v1, https://goo.gl/fbAQLP

exports[`Bookmark renders correctly 1`] = `
<button
  className="__bookmark-button button "
  onClick={[Function]}
  type="button"
>
  <svg
    className="__bookmark-icon"
    height={19}
    width={18}
  >
    <use
      xlinkHref="#icon-bookmark"
    />
  </svg>
  <span
    className="visually-hidden"
  >
    To bookmarks
  </span>
</button>
`;
